[0504/113044.725:INFO:CONSOLE:1] "appmoduleBaseHref:  /", source: https://www.biletix.com/webclient/main.2818591d080a232982a1.js (1)
[0504/113044.726:INFO:CONSOLE:1] "Requesting./assets/i18n/tr.json?v=486", source: https://www.biletix.com/webclient/main.2818591d080a232982a1.js (1)
[0504/113044.858:INFO:CONSOLE:1] "Canvas2D: Multiple readback operations using getImageData are faster with the willReadFrequently attribute set to true. See: https://html.spec.whatwg.org/multipage/canvas.html#concept-canvas-will-read-frequently", source: https://www.biletix.com/webclient/173.aab8051fc877b69ed7ea.js (1)
[0504/113044.863:INFO:CONSOLE:1] "CrmApiHost : https://www.biletix.com/wbtxapi", source: https://www.biletix.com/webclient/main.2818591d080a232982a1.js (1)
[0504/113044.863:INFO:CONSOLE:1] "Requestinghttps://www.biletix.com/wbtxapi/api/v1/customer/getLoggedInCustomer", source: https://www.biletix.com/webclient/main.2818591d080a232982a1.js (1)
[0504/113044.912:INFO:CONSOLE:1] "Successfully initialized 'tr' language.'", source: https://www.biletix.com/webclient/main.2818591d080a232982a1.js (1)
[0504/113045.039:INFO:CONSOLE:1] "recaptcha resolver called", source: https://www.biletix.com/webclient/main.2818591d080a232982a1.js (1)
[0504/113045.093:INFO:CONSOLE:1] "recaptcha resolver load", source: https://www.biletix.com/webclient/main.2818591d080a232982a1.js (1)
[0504/113045.093:INFO:CONSOLE:1] "CrmApiHost : https://www.biletix.com/wbtxapi", source: https://www.biletix.com/webclient/main.2818591d080a232982a1.js (1)
[0504/113045.094:INFO:CONSOLE:1] "Requestinghttps://www.biletix.com/wbtxapi/api/v1/bxcached/event/getEventDetail/5PQ69/INTERNET/tr", source: https://www.biletix.com/webclient/main.2818591d080a232982a1.js (1)
[0504/113045.094:INFO:CONSOLE:1] "CrmApiHost : https://www.biletix.com/wbtxapi", source: https://www.biletix.com/webclient/main.2818591d080a232982a1.js (1)
[0504/113045.095:INFO:CONSOLE:1] "Requestinghttps://www.biletix.com/wbtxapi/api/v1/bxcached/event/getPerformanceByEventCodeAndPerfCode/5PQ69/002/INTERNET/tr", source: https://www.biletix.com/webclient/main.2818591d080a232982a1.js (1)
[0504/113045.095:INFO:CONSOLE:1] "CrmApiHost : https://www.biletix.com/wbtxapi", source: https://www.biletix.com/webclient/main.2818591d080a232982a1.js (1)
[0504/113045.095:INFO:CONSOLE:1] "Requestinghttps://www.biletix.com/wbtxapi/api/v1/ticketSales/getShoppingCart", source: https://www.biletix.com/webclient/main.2818591d080a232982a1.js (1)
[0504/113045.253:INFO:CONSOLE:19] "[GPT] PubAdsService.enableSingleRequest is deprecated, use googletag.setConfig({singleRequest: ...}) instead.
https://goo.gle/gpt-message#170", source: https://securepubads.g.doubleclick.net/pagead/managed/js/gpt/m202604280101/pubads_impl.js (19)
[0504/113045.378:INFO:CONSOLE:1] "Requestingassets/images/icon/whatsApp.svg", source: https://www.biletix.com/webclient/main.2818591d080a232982a1.js (1)
[0504/113045.380:INFO:CONSOLE:1] "Requestingassets/images/icon/email.svg", source: https://www.biletix.com/webclient/main.2818591d080a232982a1.js (1)
[0504/113045.380:INFO:CONSOLE:1] "Requestingassets/images/icon/link.svg", source: https://www.biletix.com/webclient/main.2818591d080a232982a1.js (1)
[0504/113045.392:INFO:CONSOLE:1] "CrmApiHost : https://www.biletix.com/wbtxapi", source: https://www.biletix.com/webclient/main.2818591d080a232982a1.js (1)
[0504/113045.392:INFO:CONSOLE:1] "Requestinghttps://www.biletix.com/wbtxapi/api/v1/bxcached/event/getEventPerfProfiles/5PQ69/002/INTERNET/tr", source: https://www.biletix.com/webclient/main.2818591d080a232982a1.js (1)
[0504/113045.409:INFO:CONSOLE:1] "url /performance/5PQ69/002/TURKIYE/tr", source: https://www.biletix.com/webclient/main.2818591d080a232982a1.js (1)
[0504/113045.409:INFO:CONSOLE:1] "url /performance/5PQ69/002/TURKIYE/tr", source: https://www.biletix.com/webclient/main.2818591d080a232982a1.js (1)
[0504/113045.409:INFO:CONSOLE:1] "CrmApiHost : https://www.biletix.com/wbtxapi", source: https://www.biletix.com/webclient/main.2818591d080a232982a1.js (1)
[0504/113045.409:INFO:CONSOLE:1] "Requestinghttps://www.biletix.com/wbtxapi/api/v1/ticketSales/getShoppingCart", source: https://www.biletix.com/webclient/main.2818591d080a232982a1.js (1)
[0504/113045.507:INFO:CONSOLE:1] "[object Object]", source:  (1)
[0504/113045.507:INFO:CONSOLE:1] "CIMEA", source:  (1)
[0504/113045.686:INFO:CONSOLE:1] "CrmApiHost : https://www.biletix.com/wbtxapi", source: https://www.biletix.com/webclient/main.2818591d080a232982a1.js (1)
[0504/113045.686:INFO:CONSOLE:1] "Requestinghttps://www.biletix.com/wbtxapi/api/v1/bxcached/event/getPerformance/543740003/5PQ69/002/INTERNET/tr", source: https://www.biletix.com/webclient/main.2818591d080a232982a1.js (1)
[0504/113045.868:INFO:CONSOLE:1] "CrmApiHost : https://www.biletix.com/wbtxapi", source: https://www.biletix.com/webclient/main.2818591d080a232982a1.js (1)
[0504/113045.868:INFO:CONSOLE:1] "Requestinghttps://www.biletix.com/wbtxapi/api/v1/bxcached/event/getPriceInfos/5PQ69/543742113/INTERNET/tr", source: https://www.biletix.com/webclient/main.2818591d080a232982a1.js (1)
[0504/113046.083:INFO:CONSOLE:1] "[TikTok Pixel] - Invalid pixel ID
Issue: The pixel ID is invalid. This could prevent your pixel from receiving data.
Suggestion: Please go to Events Manager and find the correct pixel ID.", source: https://analytics.tiktok.com/i18n/pixel/static/main.MWE0ZWQ3ZWQwMA.js (1)
